// Jest Snapshot v1, https://goo.gl/fbAQLP

exports[`Game App Re-start Clicking on Re-start button, re-renders the game 1`] = `
<App>
  <div
    className="App"
  >
    <h1>
      Add It Up!
    </h1>
    <Timer
      onExpired={[Function]}
      seconds={1}
    >
      <div>
        1
         Seconds Remaining
      </div>
      <b>
        Your current level is 
        Beginner
      </b>
      <Answer
        a={6}
        b={6}
        onAnswer={[Function]}
      >
        <form
          onSubmit={[Function]}
        >
          <AnswerInput
            a={6}
            b={6}
            onAnswer={[Function]}
          >
            <div>
              <div
                className="equation"
              >
                <div>
                  6
                </div>
                <div>
                  +
                </div>
                <div>
                  6
                </div>
                <div>
                  =
                </div>
                <div>
                  <input
                    onChange={[Function]}
                    type="text"
                  />
                </div>
              </div>
            </div>
          </AnswerInput>
          <button
            disabled={true}
            onClick={[Function]}
            type="submit"
          >
            Asnwer
          </button>
        </form>
      </Answer>
    </Timer>
  </div>
</App>
`;

exports[`Game App Renders game 1`] = `
<App>
  <div
    className="App"
  >
    <h1>
      Add It Up!
    </h1>
    <Timer
      onExpired={[Function]}
      seconds={1}
    >
      <div>
        1
         Seconds Remaining
      </div>
      <b>
        Your current level is 
        Beginner
      </b>
      <Answer
        a={6}
        b={6}
        onAnswer={[Function]}
      >
        <form
          onSubmit={[Function]}
        >
          <AnswerInput
            a={6}
            b={6}
            onAnswer={[Function]}
          >
            <div>
              <div
                className="equation"
              >
                <div>
                  6
                </div>
                <div>
                  +
                </div>
                <div>
                  6
                </div>
                <div>
                  =
                </div>
                <div>
                  <input
                    onChange={[Function]}
                    type="text"
                  />
                </div>
              </div>
            </div>
          </AnswerInput>
          <button
            disabled={true}
            onClick={[Function]}
            type="submit"
          >
            Asnwer
          </button>
        </form>
      </Answer>
    </Timer>
  </div>
</App>
`;
