// Jest Snapshot v1, https://goo.gl/fbAQLP

exports[`Answer  Component Renders expected html mark-up 1`] = `
<form
  onSubmit={[Function]}
>
  <div>
    <div
      className="equation"
    >
      <div>
        1
      </div>
      <div>
        +
      </div>
      <div>
        2
      </div>
      <div>
        =
      </div>
      <div>
        <input
          onChange={[Function]}
          type="text"
        />
      </div>
    </div>
  </div>
  <button
    disabled={true}
    onClick={[Function]}
    type="submit"
  >
    Asnwer
  </button>
</form>
`;
